// Jest Snapshot v1, https://goo.gl/fbAQLP

exports[`renders correctly with no pets 1`] = `
<div>
  <h1>
    No Pets Found
  </h1>
</div>
`;
